
> starter_helpi@0.1.0 test
> react-scripts test --coverage

PASS src/Tests/bquestions.test.tsx
  ● Console

    console.error
      Warning: Style property values shouldn't contain a semicolon. Try "transition: all 0.3s ease" instead.
          at div
          at div
          at Bquestions (/home/runner/work/starter_helpi/starter_helpi/src/Components/bquestions.tsx:20:29)

       8 |
       9 |   test("renders the component correctly", () => {
    > 10 |     render(
         |           ^
      11 |       <Bquestions
      12 |         setPage={mockSetPage}
      13 |         setQuestions={mockSetQuestions}

      at printWarning (node_modules/react-dom/cjs/react-dom.development.js:86:30)
      at error (node_modules/react-dom/cjs/react-dom.development.js:60:7)
      at warnStyleValueWithSemicolon (node_modules/react-dom/cjs/react-dom.development.js:2718:5)
      at warnValidStyle (node_modules/react-dom/cjs/react-dom.development.js:2747:7)
      at setValueForStyles (node_modules/react-dom/cjs/react-dom.development.js:2816:9)
      at setInitialDOMProperties (node_modules/react-dom/cjs/react-dom.development.js:9688:7)
      at setInitialProperties (node_modules/react-dom/cjs/react-dom.development.js:9921:3)
      at finalizeInitialChildren (node_modules/react-dom/cjs/react-dom.development.js:10950:3)
      at completeWork (node_modules/react-dom/cjs/react-dom.development.js:22193:17)
      at completeUnitOfWork (node_modules/react-dom/cjs/react-dom.development.js:26593:16)
      at performUnitOfWork (node_modules/react-dom/cjs/react-dom.development.js:26568:5)
      at workLoopSync (node_modules/react-dom/cjs/react-dom.development.js:26466:5)
      at renderRootSync (node_modules/react-dom/cjs/react-dom.development.js:26434:7)
      at performConcurrentWorkOnRoot (node_modules/react-dom/cjs/react-dom.development.js:25738:74)
      at flushActQueue (node_modules/react/cjs/react.development.js:2667:24)
      at act (node_modules/react/cjs/react.development.js:2582:11)
      at node_modules/@testing-library/react/dist/act-compat.js:63:25
      at renderRoot (node_modules/@testing-library/react/dist/pure.js:159:26)
      at render (node_modules/@testing-library/react/dist/pure.js:246:10)
      at Object.<anonymous> (src/Tests/bquestions.test.tsx:10:11)

    console.error
      Error: Not implemented: window.scrollTo
          at module.exports (/home/runner/work/starter_helpi/starter_helpi/node_modules/jsdom/lib/jsdom/browser/not-implemented.js:9:17)
          at scrollTo (/home/runner/work/starter_helpi/starter_helpi/node_modules/jsdom/lib/jsdom/browser/Window.js:866:7)
          at onClick (/home/runner/work/starter_helpi/starter_helpi/src/Components/bquestions.tsx:95:61)
          at HTMLUnknownElement.callCallback (/home/runner/work/starter_helpi/starter_helpi/node_modules/react-dom/cjs/react-dom.development.js:4164:14)
          at HTMLUnknownElement.callTheUserObjectsOperation (/home/runner/work/starter_helpi/starter_helpi/node_modules/jsdom/lib/jsdom/living/generated/EventListener.js:26:30)
          at innerInvokeEventListeners (/home/runner/work/starter_helpi/starter_helpi/node_modules/jsdom/lib/jsdom/living/events/EventTarget-impl.js:338:25)
          at invokeEventListeners (/home/runner/work/starter_helpi/starter_helpi/node_modules/jsdom/lib/jsdom/living/events/EventTarget-impl.js:274:3)
          at HTMLUnknownElementImpl._dispatch (/home/runner/work/starter_helpi/starter_helpi/node_modules/jsdom/lib/jsdom/living/events/EventTarget-impl.js:221:9)
          at HTMLUnknownElementImpl.dispatchEvent (/home/runner/work/starter_helpi/starter_helpi/node_modules/jsdom/lib/jsdom/living/events/EventTarget-impl.js:94:17)
          at HTMLUnknownElement.dispatchEvent (/home/runner/work/starter_helpi/starter_helpi/node_modules/jsdom/lib/jsdom/living/generated/EventTarget.js:231:34)
          at Object.invokeGuardedCallbackDev (/home/runner/work/starter_helpi/starter_helpi/node_modules/react-dom/cjs/react-dom.development.js:4213:16)
          at invokeGuardedCallback (/home/runner/work/starter_helpi/starter_helpi/node_modules/react-dom/cjs/react-dom.development.js:4277:31)
          at invokeGuardedCallbackAndCatchFirstError (/home/runner/work/starter_helpi/starter_helpi/node_modules/react-dom/cjs/react-dom.development.js:4291:25)
          at executeDispatch (/home/runner/work/starter_helpi/starter_helpi/node_modules/react-dom/cjs/react-dom.development.js:9041:3)
          at processDispatchQueueItemsInOrder (/home/runner/work/starter_helpi/starter_helpi/node_modules/react-dom/cjs/react-dom.development.js:9073:7)
          at processDispatchQueue (/home/runner/work/starter_helpi/starter_helpi/node_modules/react-dom/cjs/react-dom.development.js:9086:5)
          at dispatchEventsForPlugins (/home/runner/work/starter_helpi/starter_helpi/node_modules/react-dom/cjs/react-dom.development.js:9097:3)
          at /home/runner/work/starter_helpi/starter_helpi/node_modules/react-dom/cjs/react-dom.development.js:9288:12
          at batchedUpdates$1 (/home/runner/work/starter_helpi/starter_helpi/node_modules/react-dom/cjs/react-dom.development.js:26140:12)
          at batchedUpdates (/home/runner/work/starter_helpi/starter_helpi/node_modules/react-dom/cjs/react-dom.development.js:3991:12)
          at dispatchEventForPluginEventSystem (/home/runner/work/starter_helpi/starter_helpi/node_modules/react-dom/cjs/react-dom.development.js:9287:3)
          at dispatchEventWithEnableCapturePhaseSelectiveHydrationWithoutDiscreteEventReplay (/home/runner/work/starter_helpi/starter_helpi/node_modules/react-dom/cjs/react-dom.development.js:6465:5)
          at dispatchEvent (/home/runner/work/starter_helpi/starter_helpi/node_modules/react-dom/cjs/react-dom.development.js:6457:5)
          at dispatchDiscreteEvent (/home/runner/work/starter_helpi/starter_helpi/node_modules/react-dom/cjs/react-dom.development.js:6430:5)
          at HTMLDivElement.callTheUserObjectsOperation (/home/runner/work/starter_helpi/starter_helpi/node_modules/jsdom/lib/jsdom/living/generated/EventListener.js:26:30)
          at innerInvokeEventListeners (/home/runner/work/starter_helpi/starter_helpi/node_modules/jsdom/lib/jsdom/living/events/EventTarget-impl.js:338:25)
          at invokeEventListeners (/home/runner/work/starter_helpi/starter_helpi/node_modules/jsdom/lib/jsdom/living/events/EventTarget-impl.js:274:3)
          at HTMLButtonElementImpl._dispatch (/home/runner/work/starter_helpi/starter_helpi/node_modules/jsdom/lib/jsdom/living/events/EventTarget-impl.js:221:9)
          at HTMLButtonElementImpl.dispatchEvent (/home/runner/work/starter_helpi/starter_helpi/node_modules/jsdom/lib/jsdom/living/events/EventTarget-impl.js:94:17)
          at HTMLButtonElement.dispatchEvent (/home/runner/work/starter_helpi/starter_helpi/node_modules/jsdom/lib/jsdom/living/generated/EventTarget.js:231:34)
          at /home/runner/work/starter_helpi/starter_helpi/node_modules/@testing-library/react/node_modules/@testing-library/dom/dist/events.js:19:20
          at /home/runner/work/starter_helpi/starter_helpi/node_modules/@testing-library/react/dist/pure.js:79:16
          at /home/runner/work/starter_helpi/starter_helpi/node_modules/@testing-library/react/dist/act-compat.js:64:24
          at act (/home/runner/work/starter_helpi/starter_helpi/node_modules/react/cjs/react.development.js:2512:16)
          at /home/runner/work/starter_helpi/starter_helpi/node_modules/@testing-library/react/dist/act-compat.js:63:25
          at Object.eventWrapper (/home/runner/work/starter_helpi/starter_helpi/node_modules/@testing-library/react/dist/pure.js:78:28)
          at fireEvent (/home/runner/work/starter_helpi/starter_helpi/node_modules/@testing-library/react/node_modules/@testing-library/dom/dist/events.js:12:35)
          at Function.fireEvent.<computed> [as click] (/home/runner/work/starter_helpi/starter_helpi/node_modules/@testing-library/react/node_modules/@testing-library/dom/dist/events.js:110:36)
          at Function.click (/home/runner/work/starter_helpi/starter_helpi/node_modules/@testing-library/react/dist/fire-event.js:18:52)
          at Object.<anonymous> (/home/runner/work/starter_helpi/starter_helpi/src/Tests/bquestions.test.tsx:127:15)
          at Promise.then.completed (/home/runner/work/starter_helpi/starter_helpi/node_modules/jest-circus/build/utils.js:391:28)
          at new Promise (<anonymous>)
          at callAsyncCircusFn (/home/runner/work/starter_helpi/starter_helpi/node_modules/jest-circus/build/utils.js:316:10)
          at _callCircusTest (/home/runner/work/starter_helpi/starter_helpi/node_modules/jest-circus/build/run.js:218:40)
          at processTicksAndRejections (node:internal/process/task_queues:96:5)
          at _runTest (/home/runner/work/starter_helpi/starter_helpi/node_modules/jest-circus/build/run.js:155:3)
          at _runTestsForDescribeBlock (/home/runner/work/starter_helpi/starter_helpi/node_modules/jest-circus/build/run.js:66:9)
          at _runTestsForDescribeBlock (/home/runner/work/starter_helpi/starter_helpi/node_modules/jest-circus/build/run.js:60:9)
          at run (/home/runner/work/starter_helpi/starter_helpi/node_modules/jest-circus/build/run.js:25:3)
          at runAndTransformResultsToJestFormat (/home/runner/work/starter_helpi/starter_helpi/node_modules/jest-circus/build/legacy-code-todo-rewrite/jestAdapterInit.js:170:21) undefined

      93 |       </button>
      94 |       <button onClick={() => {setPage('home'); window.scrollTo(0,0);}}>Go Back to Home</button>
    > 95 |       <button onClick={() => {setPage('dquestions'); window.scrollTo(0,0);}} disabled={answeredQuestions !== totalQuestions}>
         |                                                             ^
      96 |         Next Page
      97 |       </button>
      98 |     </div>

      at VirtualConsole.<anonymous> (node_modules/jsdom/lib/jsdom/virtual-console.js:29:45)
      at module.exports (node_modules/jsdom/lib/jsdom/browser/not-implemented.js:12:26)
      at scrollTo (node_modules/jsdom/lib/jsdom/browser/Window.js:866:7)
      at onClick (src/Components/bquestions.tsx:95:61)
      at HTMLUnknownElement.callCallback (node_modules/react-dom/cjs/react-dom.development.js:4164:14)
      at HTMLUnknownElement.callTheUserObjectsOperation (node_modules/jsdom/lib/jsdom/living/generated/EventListener.js:26:30)
      at innerInvokeEventListeners (node_modules/jsdom/lib/jsdom/living/events/EventTarget-impl.js:338:25)
      at invokeEventListeners (node_modules/jsdom/lib/jsdom/living/events/EventTarget-impl.js:274:3)
      at HTMLUnknownElementImpl._dispatch (node_modules/jsdom/lib/jsdom/living/events/EventTarget-impl.js:221:9)
      at HTMLUnknownElementImpl.dispatchEvent (node_modules/jsdom/lib/jsdom/living/events/EventTarget-impl.js:94:17)
      at HTMLUnknownElement.dispatchEvent (node_modules/jsdom/lib/jsdom/living/generated/EventTarget.js:231:34)
      at Object.invokeGuardedCallbackDev (node_modules/react-dom/cjs/react-dom.development.js:4213:16)
      at invokeGuardedCallback (node_modules/react-dom/cjs/react-dom.development.js:4277:31)
      at invokeGuardedCallbackAndCatchFirstError (node_modules/react-dom/cjs/react-dom.development.js:4291:25)
      at executeDispatch (node_modules/react-dom/cjs/react-dom.development.js:9041:3)
      at processDispatchQueueItemsInOrder (node_modules/react-dom/cjs/react-dom.development.js:9073:7)
      at processDispatchQueue (node_modules/react-dom/cjs/react-dom.development.js:9086:5)
      at dispatchEventsForPlugins (node_modules/react-dom/cjs/react-dom.development.js:9097:3)
      at node_modules/react-dom/cjs/react-dom.development.js:9288:12
      at batchedUpdates$1 (node_modules/react-dom/cjs/react-dom.development.js:26140:12)
      at batchedUpdates (node_modules/react-dom/cjs/react-dom.development.js:3991:12)
      at dispatchEventForPluginEventSystem (node_modules/react-dom/cjs/react-dom.development.js:9287:3)
      at dispatchEventWithEnableCapturePhaseSelectiveHydrationWithoutDiscreteEventReplay (node_modules/react-dom/cjs/react-dom.development.js:6465:5)
      at dispatchEvent (node_modules/react-dom/cjs/react-dom.development.js:6457:5)
      at dispatchDiscreteEvent (node_modules/react-dom/cjs/react-dom.development.js:6430:5)
      at HTMLDivElement.callTheUserObjectsOperation (node_modules/jsdom/lib/jsdom/living/generated/EventListener.js:26:30)
      at innerInvokeEventListeners (node_modules/jsdom/lib/jsdom/living/events/EventTarget-impl.js:338:25)
      at invokeEventListeners (node_modules/jsdom/lib/jsdom/living/events/EventTarget-impl.js:274:3)
      at HTMLButtonElementImpl._dispatch (node_modules/jsdom/lib/jsdom/living/events/EventTarget-impl.js:221:9)
      at HTMLButtonElementImpl.dispatchEvent (node_modules/jsdom/lib/jsdom/living/events/EventTarget-impl.js:94:17)
      at HTMLButtonElement.dispatchEvent (node_modules/jsdom/lib/jsdom/living/generated/EventTarget.js:231:34)
      at node_modules/@testing-library/react/node_modules/@testing-library/dom/dist/events.js:19:20
      at node_modules/@testing-library/react/dist/pure.js:79:16
      at node_modules/@testing-library/react/dist/act-compat.js:64:24
      at act (node_modules/react/cjs/react.development.js:2512:16)
      at node_modules/@testing-library/react/dist/act-compat.js:63:25
      at Object.eventWrapper (node_modules/@testing-library/react/dist/pure.js:78:28)
      at fireEvent (node_modules/@testing-library/react/node_modules/@testing-library/dom/dist/events.js:12:35)
      at Function.fireEvent.<computed> [as click] (node_modules/@testing-library/react/node_modules/@testing-library/dom/dist/events.js:110:36)
      at Function.click (node_modules/@testing-library/react/dist/fire-event.js:18:52)
      at Object.<anonymous> (src/Tests/bquestions.test.tsx:127:15)

PASS src/Tests/dquestions.test.tsx
  ● Console

    console.error
      Error: Not implemented: window.scrollTo
          at module.exports (/home/runner/work/starter_helpi/starter_helpi/node_modules/jsdom/lib/jsdom/browser/not-implemented.js:9:17)
          at scrollTo (/home/runner/work/starter_helpi/starter_helpi/node_modules/jsdom/lib/jsdom/browser/Window.js:866:7)
          at getNextPage (/home/runner/work/starter_helpi/starter_helpi/src/Components/dquestions.tsx:44:11)
          at HTMLUnknownElement.callCallback (/home/runner/work/starter_helpi/starter_helpi/node_modules/react-dom/cjs/react-dom.development.js:4164:14)
          at HTMLUnknownElement.callTheUserObjectsOperation (/home/runner/work/starter_helpi/starter_helpi/node_modules/jsdom/lib/jsdom/living/generated/EventListener.js:26:30)
          at innerInvokeEventListeners (/home/runner/work/starter_helpi/starter_helpi/node_modules/jsdom/lib/jsdom/living/events/EventTarget-impl.js:338:25)
          at invokeEventListeners (/home/runner/work/starter_helpi/starter_helpi/node_modules/jsdom/lib/jsdom/living/events/EventTarget-impl.js:274:3)
          at HTMLUnknownElementImpl._dispatch (/home/runner/work/starter_helpi/starter_helpi/node_modules/jsdom/lib/jsdom/living/events/EventTarget-impl.js:221:9)
          at HTMLUnknownElementImpl.dispatchEvent (/home/runner/work/starter_helpi/starter_helpi/node_modules/jsdom/lib/jsdom/living/events/EventTarget-impl.js:94:17)
          at HTMLUnknownElement.dispatchEvent (/home/runner/work/starter_helpi/starter_helpi/node_modules/jsdom/lib/jsdom/living/generated/EventTarget.js:231:34)
          at Object.invokeGuardedCallbackDev (/home/runner/work/starter_helpi/starter_helpi/node_modules/react-dom/cjs/react-dom.development.js:4213:16)
          at invokeGuardedCallback (/home/runner/work/starter_helpi/starter_helpi/node_modules/react-dom/cjs/react-dom.development.js:4277:31)
          at invokeGuardedCallbackAndCatchFirstError (/home/runner/work/starter_helpi/starter_helpi/node_modules/react-dom/cjs/react-dom.development.js:4291:25)
          at executeDispatch (/home/runner/work/starter_helpi/starter_helpi/node_modules/react-dom/cjs/react-dom.development.js:9041:3)
          at processDispatchQueueItemsInOrder (/home/runner/work/starter_helpi/starter_helpi/node_modules/react-dom/cjs/react-dom.development.js:9073:7)
          at processDispatchQueue (/home/runner/work/starter_helpi/starter_helpi/node_modules/react-dom/cjs/react-dom.development.js:9086:5)
          at dispatchEventsForPlugins (/home/runner/work/starter_helpi/starter_helpi/node_modules/react-dom/cjs/react-dom.development.js:9097:3)
          at /home/runner/work/starter_helpi/starter_helpi/node_modules/react-dom/cjs/react-dom.development.js:9288:12
          at batchedUpdates$1 (/home/runner/work/starter_helpi/starter_helpi/node_modules/react-dom/cjs/react-dom.development.js:26140:12)
          at batchedUpdates (/home/runner/work/starter_helpi/starter_helpi/node_modules/react-dom/cjs/react-dom.development.js:3991:12)
          at dispatchEventForPluginEventSystem (/home/runner/work/starter_helpi/starter_helpi/node_modules/react-dom/cjs/react-dom.development.js:9287:3)
          at dispatchEventWithEnableCapturePhaseSelectiveHydrationWithoutDiscreteEventReplay (/home/runner/work/starter_helpi/starter_helpi/node_modules/react-dom/cjs/react-dom.development.js:6465:5)
          at dispatchEvent (/home/runner/work/starter_helpi/starter_helpi/node_modules/react-dom/cjs/react-dom.development.js:6457:5)
          at dispatchDiscreteEvent (/home/runner/work/starter_helpi/starter_helpi/node_modules/react-dom/cjs/react-dom.development.js:6430:5)
          at HTMLDivElement.callTheUserObjectsOperation (/home/runner/work/starter_helpi/starter_helpi/node_modules/jsdom/lib/jsdom/living/generated/EventListener.js:26:30)
          at innerInvokeEventListeners (/home/runner/work/starter_helpi/starter_helpi/node_modules/jsdom/lib/jsdom/living/events/EventTarget-impl.js:338:25)
          at invokeEventListeners (/home/runner/work/starter_helpi/starter_helpi/node_modules/jsdom/lib/jsdom/living/events/EventTarget-impl.js:274:3)
          at HTMLButtonElementImpl._dispatch (/home/runner/work/starter_helpi/starter_helpi/node_modules/jsdom/lib/jsdom/living/events/EventTarget-impl.js:221:9)
          at HTMLButtonElementImpl.dispatchEvent (/home/runner/work/starter_helpi/starter_helpi/node_modules/jsdom/lib/jsdom/living/events/EventTarget-impl.js:94:17)
          at HTMLButtonElement.dispatchEvent (/home/runner/work/starter_helpi/starter_helpi/node_modules/jsdom/lib/jsdom/living/generated/EventTarget.js:231:34)
          at Object.<anonymous> (/home/runner/work/starter_helpi/starter_helpi/src/Tests/dquestions.test.tsx:80:20)
          at Promise.then.completed (/home/runner/work/starter_helpi/starter_helpi/node_modules/jest-circus/build/utils.js:391:28)
          at new Promise (<anonymous>)
          at callAsyncCircusFn (/home/runner/work/starter_helpi/starter_helpi/node_modules/jest-circus/build/utils.js:316:10)
          at _callCircusTest (/home/runner/work/starter_helpi/starter_helpi/node_modules/jest-circus/build/run.js:218:40)
          at processTicksAndRejections (node:internal/process/task_queues:96:5)
          at _runTest (/home/runner/work/starter_helpi/starter_helpi/node_modules/jest-circus/build/run.js:155:3)
          at _runTestsForDescribeBlock (/home/runner/work/starter_helpi/starter_helpi/node_modules/jest-circus/build/run.js:66:9)
          at _runTestsForDescribeBlock (/home/runner/work/starter_helpi/starter_helpi/node_modules/jest-circus/build/run.js:60:9)
          at run (/home/runner/work/starter_helpi/starter_helpi/node_modules/jest-circus/build/run.js:25:3)
          at runAndTransformResultsToJestFormat (/home/runner/work/starter_helpi/starter_helpi/node_modules/jest-circus/build/legacy-code-todo-rewrite/jestAdapterInit.js:170:21)
          at jestAdapter (/home/runner/work/starter_helpi/starter_helpi/node_modules/jest-circus/build/legacy-code-todo-rewrite/jestAdapter.js:82:19)
          at runTestInternal (/home/runner/work/starter_helpi/starter_helpi/node_modules/jest-runner/build/runTest.js:389:16)
          at runTest (/home/runner/work/starter_helpi/starter_helpi/node_modules/jest-runner/build/runTest.js:475:34)
          at Object.worker (/home/runner/work/starter_helpi/starter_helpi/node_modules/jest-runner/build/testWorker.js:133:12) undefined

      42 |    setGlobalAnswers(answers);
      43 |    setPage('dquestions2');
    > 44 |    window.scrollTo(0,0);
         |           ^
      45 |  };
      46 |
      47 |

      at VirtualConsole.<anonymous> (node_modules/jsdom/lib/jsdom/virtual-console.js:29:45)
      at module.exports (node_modules/jsdom/lib/jsdom/browser/not-implemented.js:12:26)
      at scrollTo (node_modules/jsdom/lib/jsdom/browser/Window.js:866:7)
      at getNextPage (src/Components/dquestions.tsx:44:11)
      at HTMLUnknownElement.callCallback (node_modules/react-dom/cjs/react-dom.development.js:4164:14)
      at HTMLUnknownElement.callTheUserObjectsOperation (node_modules/jsdom/lib/jsdom/living/generated/EventListener.js:26:30)
      at innerInvokeEventListeners (node_modules/jsdom/lib/jsdom/living/events/EventTarget-impl.js:338:25)
      at invokeEventListeners (node_modules/jsdom/lib/jsdom/living/events/EventTarget-impl.js:274:3)
      at HTMLUnknownElementImpl._dispatch (node_modules/jsdom/lib/jsdom/living/events/EventTarget-impl.js:221:9)
      at HTMLUnknownElementImpl.dispatchEvent (node_modules/jsdom/lib/jsdom/living/events/EventTarget-impl.js:94:17)
      at HTMLUnknownElement.dispatchEvent (node_modules/jsdom/lib/jsdom/living/generated/EventTarget.js:231:34)
      at Object.invokeGuardedCallbackDev (node_modules/react-dom/cjs/react-dom.development.js:4213:16)
      at invokeGuardedCallback (node_modules/react-dom/cjs/react-dom.development.js:4277:31)
      at invokeGuardedCallbackAndCatchFirstError (node_modules/react-dom/cjs/react-dom.development.js:4291:25)
      at executeDispatch (node_modules/react-dom/cjs/react-dom.development.js:9041:3)
      at processDispatchQueueItemsInOrder (node_modules/react-dom/cjs/react-dom.development.js:9073:7)
      at processDispatchQueue (node_modules/react-dom/cjs/react-dom.development.js:9086:5)
      at dispatchEventsForPlugins (node_modules/react-dom/cjs/react-dom.development.js:9097:3)
      at node_modules/react-dom/cjs/react-dom.development.js:9288:12
      at batchedUpdates$1 (node_modules/react-dom/cjs/react-dom.development.js:26140:12)
      at batchedUpdates (node_modules/react-dom/cjs/react-dom.development.js:3991:12)
      at dispatchEventForPluginEventSystem (node_modules/react-dom/cjs/react-dom.development.js:9287:3)
      at dispatchEventWithEnableCapturePhaseSelectiveHydrationWithoutDiscreteEventReplay (node_modules/react-dom/cjs/react-dom.development.js:6465:5)
      at dispatchEvent (node_modules/react-dom/cjs/react-dom.development.js:6457:5)
      at dispatchDiscreteEvent (node_modules/react-dom/cjs/react-dom.development.js:6430:5)
      at HTMLDivElement.callTheUserObjectsOperation (node_modules/jsdom/lib/jsdom/living/generated/EventListener.js:26:30)
      at innerInvokeEventListeners (node_modules/jsdom/lib/jsdom/living/events/EventTarget-impl.js:338:25)
      at invokeEventListeners (node_modules/jsdom/lib/jsdom/living/events/EventTarget-impl.js:274:3)
      at HTMLButtonElementImpl._dispatch (node_modules/jsdom/lib/jsdom/living/events/EventTarget-impl.js:221:9)
      at HTMLButtonElementImpl.dispatchEvent (node_modules/jsdom/lib/jsdom/living/events/EventTarget-impl.js:94:17)
      at HTMLButtonElement.dispatchEvent (node_modules/jsdom/lib/jsdom/living/generated/EventTarget.js:231:34)
      at Object.<anonymous> (src/Tests/dquestions.test.tsx:80:20)

A worker process has failed to exit gracefully and has been force exited. This is likely caused by tests leaking due to improper teardown. Try running with --detectOpenHandles to find leaks. Active timers can also cause this, ensure that .unref() was called on them.
---------------------|---------|----------|---------|---------|-------------------
File                 | % Stmts | % Branch | % Funcs | % Lines | Uncovered Line #s 
---------------------|---------|----------|---------|---------|-------------------
All files            |   25.12 |    32.35 |   37.73 |   23.91 |                   
 src                 |       0 |        0 |       0 |       0 |                   
  index.tsx          |       0 |      100 |     100 |       0 | 7-19              
  reportWebVitals.ts |       0 |        0 |       0 |       0 | 3-10              
 src/Components      |   26.59 |    36.66 |   39.21 |   25.43 |                   
  App.tsx            |       0 |        0 |       0 |       0 | 12-106            
  Themes.tsx         |       0 |      100 |     100 |       0 | 39-74             
  bquestions.tsx     |   66.66 |       75 |   72.72 |      68 | 34,40-44,70,94    
  chat.tsx           |       0 |      100 |       0 |       0 | 3-42              
  dquestions.tsx     |   94.73 |      100 |    87.5 |   94.11 | 63                
  dquestions2.tsx    |   58.33 |      100 |   55.55 |   52.38 | 38,48-51,56-59,77 
  home.tsx           |       0 |      100 |       0 |       0 | 8-50              
  results.tsx        |       0 |        0 |       0 |       0 | 7-57              
---------------------|---------|----------|---------|---------|-------------------

Test Suites: 2 passed, 2 total
Tests:       14 passed, 14 total
Snapshots:   0 total
Time:        4.543 s
Ran all test suites.
